=== 期货排程 Sheet ===
Max row: 8, Max col: 28

First 10 rows:
Row 1: ['客户', '訂單號碼', '產品規格', '鍍層', '用途']
Row 2: ['无锡晟明', 'L3KS0M802', 'A755MLCSBT', 'AZM100', 'KB9G']
Row 3: ['无锡晟明', 'L3KS0M803', 'A755MLCSBT', 'AZM150', 'KB9G']
Row 4: ['无锡晟明', 'L3KS0M804', 'A755MLCSBT', 'AZM150', 'KB9G']
Row 5: ['无锡晟明', 'L3KS0N601', 'A755MLCSBT', 'AZM150', 'KB9G']
Row 6: ['湖州久立', 'L3KS0M806', 'A755MLCSBT', 'AZM150', 'KB1E']
Row 7: ['洛阳汇成', 'L3KS0P701', 'LK/J-G1T', 'AM150', 'KB1E']
Row 8: ['贺信-景欣国际', 'L3KS0M813', 'A755M/L550', 'AZM200', 'KB1E']


=== IMFGR190_有主一級 Sheet ===
Max row: 1387, Max col: 51

First 10 rows:
Row 1: ['訂單編號', '加工類別', '客戶', '用戶', '產品規格']
Row 2: ['L3GS0J502', 'C_鋼卷', '[L04183]上海晉強', '[L04183]上海晉強', 'E346G/GD53']
Row 3: ['L3GS1L307', 'C_鋼卷', '[L04183]上海晉強', '[L04183]上海晉強', 'E346G/G52S']
Row 4: ['L3GS1L307', 'C_鋼卷', '[L04183]上海晉強', '[L04183]上海晉強', 'E346G/G52S']
Row 5: ['L3GS1L901', 'C_鋼卷', '[L04183]上海晉強', '[L04183]上海晉強', 'E346G/GD51']
Row 6: ['L3GS1M203', 'C_鋼卷', '[L04183]上海晉強', '[L04183]上海晉強', 'E346G/LD51']
Row 7: ['L3GS1R501', 'C_鋼卷', '[L04183]上海晉強', '[L04183]上海晉強', 'L792MCSBMT']
Row 8: ['L3GS1W902', 'C_鋼卷', '[L04183]上海晉強', '[L04183]上海晉強', 'E346G/LD53']
Row 9: ['L3GS1W902', 'C_鋼卷', '[L04183]上海晉強', '[L04183]上海晉強', 'E346G/LD53']
Row 10: ['L3GS1W902', 'C_鋼卷', '[L04183]上海晉強', '[L04183]上海晉強', 'E346G/LD53']


=== All columns in Futures Schedule (Row 1 headers) ===
Col 1: 客户
Col 2: 訂單號碼
Col 3: 產品規格
Col 4: 鍍層
Col 5: 用途
Col 6: 厚度
Col 7: 寬度
Col 8: 重量
Col 9: 面漆
Col 10: 膜厚
Col 11: 背漆
Col 12: 膜厚
Col 13: 日期
Col 14: 投料
Col 15: 暫留
Col 16: 重整
Col 17: 包裝
Col 18: 庫存
Col 19: 已交運
Col 20: 需要貨款
Col 22: 客戶


=== All columns in Yehui (Row 1 headers) ===
Col 1: 訂單編號
Col 2: 加工類別
Col 3: 客戶
Col 4: 用戶
Col 5: 產品規格
Col 6: 品名
Col 7: 產品簡稱
Col 8: 庫存等級
Col 9: 生產等級
Col 10: 鋼捲編號
Col 11: 訂單厚度
Col 12: 訂單寬度
Col 13: 訂單長度
Col 14: 出料實測厚度
Col 15: 出料實測寬度
Col 16: 出料實測長度
Col 17: 重量
Col 18: 毛重
Col 19: HSF訂單
Col 20: 合約交期(起)
Col 21: 合約交期(迄)
Col 22: 預定交期
Col 23: 數量(卷/片)
Col 24: 硬度
Col 25: 鍍層代號
Col 26: 鋅花
Col 27: 調質
Col 28: 塗油
Col 29: 鈍化處理
Col 30: 正面漆/紋路色碼
Col 31: 正面膜厚
Col 32: 背面漆色碼
Col 33: 背面膜厚
Col 34: 樹脂大類(正)
Col 35: 樹脂大類(背)
Col 36: 商標列印
Col 37: 線別
Col 38: 生產日期
Col 39: 包裝日期
Col 40: 入庫日期
Col 41: 狀態
Col 42: 包裝碼
Col 43: 變形
Col 44: 是否錯邊收卷
Col 45: 鎖定碼
Col 46: 鎖定/解鎖人員
Col 47: 鎖定/解鎖日期
Col 48: 下單人員
Col 49: 倉別
Col 50: 移撥日期
Col 51: 儲位
