=== 期货排程 Sheet - 订单号 ===
Max row: 8
Found 7 orders in futures schedule
Order numbers:
  L3KS0M802 (Customer: 无锡晟明)
  L3KS0M803 (Customer: 无锡晟明)
  L3KS0M804 (Customer: 无锡晟明)
  L3KS0N601 (Customer: 无锡晟明)
  L3KS0M806 (Customer: 湖州久立)
  L3KS0P701 (Customer: 洛阳汇成)
  L3KS0M813 (Customer: 贺信-景欣国际)


=== IMFGR190_有主一級 Sheet ===
Max row: 1387
Headers count: 51
Loaded 128 unique orders from Yehui

=== Matching Analysis ===
MATCH: L3KS0M802
NO MATCH: L3KS0M803
NO MATCH: L3KS0M804
MATCH: L3KS0N601
MATCH: L3KS0M806
MATCH: L3KS0P701
NO MATCH: L3KS0M813


=== Sample Yehui Order Numbers ===
  L3GS0J502
  L3GS1L307
  L3GS1L901
  L3GS1M203
  L3GS1R501
  L3GS1W902
  L3GS1X001
  L3GS1X301
  L3GS1X401
  L3GS1X402
  L3GS1X501
  L3GS1X704
  L3GS1X705
  L3GS1Z714
  L3GS1Z715
  L3GS1Z716
  L3GS1Z723
  L3GS22001
  L3GS22002
  L3GS22003
